// Jest Snapshot v1, https://goo.gl/fbAQLP

exports[`should render AddIncomePage correctly 1`] = `
<Fragment>
  <h1>
    Add Income
  </h1>
  <Form
    isIncome={true}
    onSubmit={[Function]}
  />
</Fragment>
`;
