// Jest Snapshot v1, https://goo.gl/fbAQLP

exports[`should render login page 1`] = `
<div
  className="box-layout"
>
  <div
    className="box-layout__box"
  >
    <h1
      className="box-layout__title"
    >
      Central Budget
    </h1>
    <p>
      It's time to get your budget under control
    </p>
    <button
      className="btn btn-dark"
    >
       
      Login
       
    </button>
  </div>
</div>
`;
