// Jest Snapshot v1, https://goo.gl/fbAQLP

exports[`should render not found page 1`] = `
<h1>
  page not found
</h1>
`;
