// Jest Snapshot v1, https://goo.gl/fbAQLP

exports[`should render transChart correctly 1`] = `
<ResponsiveContainer
  debounce={0}
  height={400}
  width="100%"
>
  <AreaChart
    barCategoryGap="10%"
    barGap={4}
    data={Array []}
    layout="horizontal"
    margin={
      Object {
        "bottom": 0,
        "left": 0,
        "right": 30,
        "top": 10,
      }
    }
    reverseStackOrder={false}
    stackOffset="none"
  >
    <defs>
      <linearGradient
        id="colorUv"
        x1="0"
        x2="0"
        y1="0"
        y2="1"
      >
        <stop
          offset="5%"
          stopColor="#8884d8"
          stopOpacity={0.8}
        />
        <stop
          offset="95%"
          stopColor="#8884d8"
          stopOpacity={0}
        />
      </linearGradient>
      <linearGradient
        id="colorPv"
        x1="0"
        x2="0"
        y1="0"
        y2="1"
      >
        <stop
          offset="5%"
          stopColor="#82ca9d"
          stopOpacity={0.8}
        />
        <stop
          offset="95%"
          stopColor="#82ca9d"
          stopOpacity={0}
        />
      </linearGradient>
    </defs>
    <XAxis
      allowDataOverflow={false}
      allowDecimals={true}
      allowDuplicatedCategory={true}
      dataKey="name"
      domain={
        Array [
          0,
          "auto",
        ]
      }
      height={30}
      hide={false}
      mirror={false}
      orientation="bottom"
      padding={
        Object {
          "left": 0,
          "right": 0,
        }
      }
      reversed={false}
      scale="auto"
      tickCount={5}
      type="category"
      width={0}
      xAxisId={0}
    />
    <YAxis
      allowDataOverflow={false}
      allowDecimals={true}
      allowDuplicatedCategory={true}
      domain={
        Array [
          0,
          "auto",
        ]
      }
      height={0}
      hide={false}
      mirror={false}
      orientation="left"
      padding={
        Object {
          "bottom": 0,
          "top": 0,
        }
      }
      reversed={false}
      scale="auto"
      tickCount={5}
      type="number"
      width={60}
      yAxisId={0}
    />
    <CartesianGrid
      fill="none"
      horizontal={true}
      horizontalFill={Array []}
      horizontalPoints={Array []}
      stroke="#ccc"
      strokeDasharray="3 3"
      vertical={true}
      verticalFill={Array []}
      verticalPoints={Array []}
    />
    <Tooltip
      active={false}
      animationDuration={400}
      animationEasing="ease"
      contentStyle={Object {}}
      coordinate={
        Object {
          "x": 0,
          "y": 0,
        }
      }
      cursor={true}
      cursorStyle={Object {}}
      filterNull={true}
      isAnimationActive={true}
      itemSorter={[Function]}
      itemStyle={Object {}}
      labelStyle={Object {}}
      offset={10}
      separator=" : "
      useTranslate3d={false}
      viewBox={
        Object {
          "x1": 0,
          "x2": 0,
          "y1": 0,
          "y2": 0,
        }
      }
      wrapperStyle={Object {}}
    />
    <Legend
      align="center"
      height={36}
      iconSize={14}
      layout="horizontal"
      verticalAlign="bottom"
    />
    <Area
      activeDot={true}
      animationBegin={0}
      animationDuration={1500}
      animationEasing="ease"
      connectNulls={false}
      dataKey="expenses"
      dot={false}
      fill="url(#colorUv)"
      fillOpacity={1}
      hide={false}
      isAnimationActive={true}
      legendType="line"
      points={Array []}
      stroke="#8884d8"
      type="monotone"
      xAxisId={0}
      yAxisId={0}
    />
    <Area
      activeDot={true}
      animationBegin={0}
      animationDuration={1500}
      animationEasing="ease"
      connectNulls={false}
      dataKey="incomes"
      dot={false}
      fill="url(#colorPv)"
      fillOpacity={1}
      hide={false}
      isAnimationActive={true}
      legendType="line"
      points={Array []}
      stroke="#82ca9d"
      type="monotone"
      xAxisId={0}
      yAxisId={0}
    />
  </AreaChart>
</ResponsiveContainer>
`;
