// Jest Snapshot v1, https://goo.gl/fbAQLP

exports[`should render AddExpensePage correctly 1`] = `
<Fragment>
  <h1>
    Add Expense
  </h1>
  <Form
    onSubmit={[Function]}
  />
</Fragment>
`;
