// Jest Snapshot v1, https://goo.gl/fbAQLP

exports[`should render AddSavingPage correctly 1`] = `
<Fragment>
  <h1>
    Add Saving
  </h1>
  <Form
    onSubmit={[Function]}
  />
</Fragment>
`;
