// Jest Snapshot v1, https://goo.gl/fbAQLP

exports[`should NOT render SavingList in caso of no savings 1`] = `
<div>
  <p>
    No savings
  </p>
</div>
`;

exports[`should render SavingList with savings 1`] = `
<div>
  <ListItem
    expenses={
      Array [
        Object {
          "amount": 195,
          "createdAt": 0,
          "description": "Gum",
          "id": "1",
          "note": "",
        },
        Object {
          "amount": 109500,
          "createdAt": -345600000,
          "description": "Rent",
          "id": "2",
          "note": "",
        },
        Object {
          "amount": 4500,
          "createdAt": 345600000,
          "description": "Credit Card",
          "id": "3",
          "note": "",
        },
      ]
    }
    type="saving"
  />
</div>
`;
